> library(ROCR)
Loading required package: gplots

Attaching package: ‘gplots’

The following object is masked from ‘package:stats’:

    lowess

> library(pROC)
Type 'citation("pROC")' for a citation.

Attaching package: ‘pROC’

The following objects are masked from ‘package:stats’:

    cov, smooth, var

> 
> # Set working directory to where csv file is located
> setwd("/home/michaeljgrogan/Documents/a_documents/computing/data science/datasets")
> 
> # Read the data
> mydata<-read.csv("dividendinfo.csv")
> attach(mydata)
> 
> train<-head(mydata,160)
> test<-tail(mydata,40)
> attach(train)
The following objects are masked from mydata:

    current_ratio, de, dividend, earnings_growth, fcfps, mcap

> attach(test)
The following objects are masked from train:

    current_ratio, de, dividend, earnings_growth, fcfps, mcap

The following objects are masked from mydata:

    current_ratio, de, dividend, earnings_growth, fcfps, mcap

> 
> # Logistic regression
> logreg1 <- glm(dividend ~ fcfps + earnings_growth + de + mcap + current_ratio, data=train, family="binomial")
Warning message:
glm.fit: fitted probabilities numerically 0 or 1 occurred 
> summary(logreg1)

Call:
glm(formula = dividend ~ fcfps + earnings_growth + de + mcap + 
    current_ratio, family = "binomial", data = train)

Deviance Residuals: 
     Min        1Q    Median        3Q       Max  
-2.11568  -0.00171   0.00000   0.00257   1.89044  

Coefficients:
                 Estimate Std. Error z value Pr(>|z|)   
(Intercept)     -31.84319   10.15009  -3.137  0.00171 **
fcfps             2.34051    0.86664   2.701  0.00692 **
earnings_growth   0.12416    0.04347   2.856  0.00429 **
de               -2.02328    0.86428  -2.341  0.01923 * 
mcap              0.03698    0.01186   3.118  0.00182 **
current_ratio     9.12311    3.15168   2.895  0.00380 **
---
Signif. codes:  0 ‘***’ 0.001 ‘**’ 0.01 ‘*’ 0.05 ‘.’ 0.1 ‘ ’ 1

(Dispersion parameter for binomial family taken to be 1)

    Null deviance: 221.782  on 159  degrees of freedom
Residual deviance:  27.363  on 154  degrees of freedom
AIC: 39.363

Number of Fisher Scoring iterations: 10

> test$dividend
 [1] 0 1 0 0 0 1 1 1 0 1 0 1 1 0 0 0 1 1 1 0 1 1 1 0 1 1 1 0 1 1 0 0 1 1 0 1 1 0 0 1
> fcfprobability=logreg1$coefficients[2]
> oddsratio=exp(fcfprobability)
> 
> probability=(oddsratio/(1+oddsratio))
> probability
    fcfps 
0.9121771 
> 
> pred1 <- predict(logreg1, test, type="response")
> y_pred1_num <- ifelse(pred1 > 0.5, 1, 0)
> y_pred1 <- factor(y_pred1_num, levels=c(0, 1))
> plot(roc(test$dividend,y_pred1_num))
> rocPred <- roc(test$dividend,y_pred1_num)
> auc1 <- auc(rocPred)
> print(auc1)
Area under the curve: 0.913
